Compiled on Sunday, 27 September 2026 10:24:22 p.m.
Version string: SE2026.0.260925.17.25.EX

=== Misc ===
ImageFrames: 299
ImageFrame Data Size: 10764
Maps and Asset Bundles Count: 4
Maps and Asset Bundles Data Size: 0
Actor Count: 31
Actor Data Size: 5580
Block Count: 18
Block Data Size: 1224
Sound Count: 18
Sound Data Size: 504
Teleporter Count: 1
Teleporter Data Size: 8
Animations Count: 118
Animations Data Size: 1888
AnimationFrame Count: 300
AnimationFrame Data Size: 4800
Attack Data: 6
Attack Data Size: 528
Misc data size: 434

=== Cartridge Composition ===
 Header |   Offset | Size     | Crunch    | Detail
   PG-1 |      512 |     5152 |       ZX0 | Plugin: PT Player
   PL06 |      454 |       20 |       ZX0 | Panel (background color #000)
   PL01 |     5664 |     2476 |       ZX0 | Panel scorpion_eng_splashscreen
   PL02 |     8140 |    26158 |       ZX0 | Panel credits
   PL03 |    34298 |    25554 |       ZX0 | Panel instructions
   PL04 |    59852 |    14552 |       ZX0 | Panel title
   PC04 |    74404 |     3322 |       ZX0 | Panel bobs title
   PL05 |    77726 |      500 |       ZX0 | Panel top_hud
   PC05 |    78226 |      294 |       ZX0 | Panel bobs top_hud
   VV00 |    78520 |       72 |       ZX0 | Project Variables
   VC00 |    78592 |     5224 |       ZX0 | Project virtual machine (codeblocks)
   MH01 |    83816 |       94 |       ZX0 | Header data for map intro
   MD01 |    83910 |     4006 |       ZX0 | Tile data for map intro (mem restrictions:None)
   MA02 |    87916 |      196 |       ZX0 | Map actor data for level1
   MH02 |    88112 |      140 |       ZX0 | Header data for map level1
   MD02 |    88252 |     3778 |       ZX0 | Tile data for map level1 (mem restrictions:None)
   AB00 |    92030 |   135286 |       ZX0 | Asset bundle 0 (Core project asset bundle)
   AB02 |   227316 |    55110 |       ZX0 | Asset bundle 2 (level1)
   AB03 |   282426 |    64294 |       ZX0 | Asset bundle 3 (ab_gamesounds)
   AB01 |   346720 |   103178 |       ZX0 | Asset bundle 1 (intro)
   DB00 |   449898 |     2360 |       ZX0 | Misc Data (paths, hurt boxes etc)
   PH00 |   452258 |     1046 |       ZX0 | Project Header
   PD01 |      474 |        8 |  NoCrunch | Project Custom Collisions
   PD00 |   453304 |     6034 |       ZX0 | Project Data
   VR00 |      482 |        4 |  NoCrunch | Project virtual machine redirects

=== Data Sizes ===
    Size |   Memory | Crunch | Detail
  135286 |   534726 |  (75%) | Asset bundle 0 (Core project asset bundle)
  103178 |   221394 |  (54%) | Asset bundle 1 (intro)
   64294 |   117276 |  (46%) | Asset bundle 3 (ab_gamesounds)
   55110 |   196754 |  (72%) | Asset bundle 2 (level1)
   26158 |    46592 |  (44%) | Panel credits
   25554 |    46592 |  (46%) | Panel instructions
   14552 |    46676 |  (69%) | Panel title
    6034 |    25732 |  (77%) | Project Data
    5224 |    24856 |  (79%) | Project virtual machine (codeblocks)
    5152 |    13538 |  (62%) | Plugin: PT Player
    4006 |    15420 |  (75%) | Tile data for map intro (mem restrictions:None)
    3778 |    70056 |  (95%) | Tile data for map level1 (mem restrictions:None)
    3322 |    11030 |  (70%) | Panel bobs title
    2476 |    36792 |  (94%) | Panel scorpion_eng_splashscreen
    2360 |     7782 |  (70%) | Misc Data (paths, hurt boxes etc)
    1046 |     4508 |  (77%) | Project Header
     500 |     4512 |  (89%) | Panel top_hud
     294 |     1876 |  (85%) | Panel bobs top_hud
     196 |     1064 |  (82%) | Map actor data for level1
     140 |      848 |  (84%) | Header data for map level1
      94 |      848 |  (89%) | Header data for map intro
      72 |     1044 |  (94%) | Project Variables
      20 |     4932 | (100%) | Panel (background color #000)
       8 |        8 |        | Project Custom Collisions
       4 |        4 |        | Project virtual machine redirects

=== Accounted Memory Usage ===
(Note that this isn't a full account of memory usage, just the memory we can account for)

For chip:
Map gfx (level gfx bundle 1): 221394
Music sample (): 0
BP Buffer memory: 140640
Core sfx/gfx memory: 534726
Parallax memory: 0
OS/other estimated: 99328

For other:
Map data memory: 70056
Map background memory: 4932
EXE memory: 225464
vm memory: 24856
project memory: 25732
Music data (): 0
Misc data memory: 7782
Plugin: PT Player: 13538
memory reserved for codeblocks variables: 1044
memory reserved for active actors on screen (48): 7592
memory reserved for dormant actors in map (128): 4608
OS/other estimated: 105472

Accounted memory chip: 996088
Accounted memory other: 491076
Accounted memory total: 1487164

=== Possibly unused animations ===
elite_rifle_grenade_r
elite_rifle_melee_r
elite_rifle_shoot_r
grunt_red_grenade_r
grunt_red_shoot_r
grunt_yellow_grenade_r
grunt_yellow_shoot_r
hunter_shoot_r
jackal_shoot_r
marine_shoot_l
masterchief_top_attack_needler_l
masterchief_top_attack_pistol_l
masterchief_top_attack_plasmapistol_l
masterchief_top_attack_plasmarifle_l
masterchief_top_attack_l
masterchief_top_grenade_l
masterchief_top_idle_l
masterchief_top_melee_needler_l
masterchief_top_melee_pistol_l
masterchief_top_melee_plasmapistol_l
masterchief_top_melee_plasmarifle_l
masterchief_top_melee_l
masterchief_top_needler_idle_l
masterchief_top_pistol_idle_l
masterchief_top_plasmapistol_idle_l
masterchief_top_plasmarifle_idle_l

=== Possibly unused Actors ===
item_medkit

=== Codeblocks by compiled size ===
handler_top: 996
refresh_ui: 854
pickup_weapon: 768
ai_enemy: 672
load_level: 640
spawn_projectile: 546
startup: 492
handler_standing: 428
hitscan_loop: 416
handler_ducking: 394
pre_startup: 374
hit_projectile: 368
charge_plasmapistol: 364
ai_marine: 358
do_teleport: 318
hit_projectile_mc: 312
flipscreen_smooth: 310 (Unused?)
autogen_masterchief_top_grenade_l_1: 310
autogen_masterchief_top_grenade_r_1: 310
grenade_explode: 306
intro_code: 292
play_level: 292
reload_finish: 292
freemem: 288
hurt_mc: 280
flipxymove: 278 (Unused?)
load_next_level: 268 (Unused?)
hit_melee_marine: 252
block_find: 210 (Unused?)
set_yresolution: 206
autogen_masterchief_top_attack_pistol_l_0: 202
autogen_masterchief_top_attack_pistol_r_0: 202
autogen_masterchief_top_attack_l_0: 202
autogen_masterchief_top_attack_r_0: 202
waitforframes: 194
check_talkpad: 190 (Unused?)
pause: 184 (Unused?)
fire_pistol: 184
fire_rifle: 184
spawn_mc: 180
block_count: 178 (Unused?)
collect_needler: 178 (Unused?)
collect_pistol: 178
collect_rifle: 178
hitscan: 164
flipymove: 162 (Unused?)
snap_to_screen: 162 (Unused?)
pre_quit: 160
autogen_elite_rifle_grenade_l_1: 156
autogen_elite_rifle_grenade_r_1: 156
autogen_grunt_red_grenade_l_1: 156
autogen_grunt_red_grenade_r_1: 156
flipxmove: 142 (Unused?)
kill_new: 138
restart_this_level: 136 (Unused?)
drop_needler: 136
drop_plasmapistol: 136
drop_plasmarifle: 136
drop_rifle: 136
load_panel: 134
unload_level: 132
stop_sfx: 130
destroy_all_blocks: 128 (Unused?)
mc_fix_offset: 124
collect_grenade: 122
randomize_offset: 118
autogen_a_enemy_grenade_explosion_1: 116
autogen_a_marine_grenade_explosion_1: 116
hit_mc_grenade: 116
anim_force_left: 108 (Unused?)
anim_force_right: 108 (Unused?)
fadein: 108
waitforfireup: 106
autogen_elite_rifle_shoot_l_0: 106
autogen_elite_rifle_shoot_r_0: 106
autogen_grunt_red_shoot_l_0: 106
autogen_grunt_red_shoot_r_0: 106
autogen_grunt_yellow_shoot_l_0: 106
autogen_grunt_yellow_shoot_r_0: 106
autogen_hunter_shoot_l_1: 106
autogen_hunter_shoot_r_1: 106
autogen_jackal_shoot_l_0: 106
autogen_jackal_shoot_r_0: 106
autogen_masterchief_top_attack_needler_l_0: 106
autogen_masterchief_top_attack_needler_r_0: 106
autogen_masterchief_top_attack_plasmarifle_l_0: 106
autogen_masterchief_top_attack_plasmarifle_r_0: 106
error_checks: 104
hit_ai_byplayer: 104
hit_ai_grenade: 104
unload_panel: 102
waitforfiredown: 102
load_panel_bottom: 96
load_panel_top: 96
destroy_child_actors: 94 (Unused?)
blink: 92
autogen_elite_rifle_melee_l_1: 90
autogen_elite_rifle_melee_r_1: 90
autogen_masterchief_top_melee_needler_l_1: 90
autogen_masterchief_top_melee_needler_r_1: 88
weapon_swap: 88
pre_load_level: 86
waitforfirehit: 86
autogen_marine_shoot_l_0: 84
autogen_marine_shoot_r_0: 84
collect_health: 82
reload_start: 78
reset_mc_animation: 78
fadeout: 76
wrap_screen_bottom: 76 (Unused?)
wrap_screen_right: 76 (Unused?)
load_music: 74
set_ntsc: 74 (Unused?)
flipscreen: 72 (Unused?)
wrap_screen_left: 72 (Unused?)
wrap_screen_top: 72 (Unused?)
autogen_masterchief_top_attack_plasmapistol_l_2: 70
autogen_masterchief_top_attack_plasmapistol_r_2: 70
jump_actor: 66 (Unused?)
spawn_grenade: 66
destroy_all_actors: 60 (Unused?)
destroy_actor: 58
quit: 58 (Unused?)
freemem_hard: 54 (Unused?)
destroy_block: 52 (Unused?)
return: 52 (Unused?)
autogen_elite_rifle_die_0: 52
autogen_grunt_red_die_0: 52
autogen_hunter_die_0: 52
autogen_jackal_die_0: 52
autogen_marine_die_0: 52
autogen_masterchief_top_melee_needler_l_0: 52
autogen_projectile_elite_rifle_l_0: 52
autogen_projectile_needle_anim_0: 52
autogen_projectile_plasma_charged_l_0: 52
autogen_projectile_plasma_pistol_l_0: 52
load_panel_finish: 50
unload_panel_bottom: 50
unload_panel_top: 50
noclear: 46
Autogen_UnloadAllAssetBundles: 46 (Unused?)
freeze_actor: 40 (Unused?)
unfreeze_actor: 40 (Unused?)
autogen_elite_rifle_die_3: 38
commandkey_grenade: 38
commandkey_reloadmelee: 38
commandkey_swap: 38
block_coll_force: 32 (Unused?)
block_coll_passthru: 32
debug_breakpoint: 26 (Unused?)
hardware: 26 (Unused?)
vm_constants_tile_properties: 26 (Unused?)
vm_registers: 26 (Unused?)
weapons: 26 (Unused?)
